--- Bytecode ---
[  0] CHKGLOBALFUNC   r0, 0
[  1] CLOSURE         r0, 0
[  2] DECLVAR         r0, 0
[  3] GETVAR          r0, 0
[  4] CALL_UNDEF_THIS r0 = r0, r0
[  5] RETUNDEF        

--- Inner function 0 ---
[  0] LDUNDEF         r0 = r0, r0
[  1] DECLVAR         r0, 0
[  2] CLOSURE         r1, 0
[  3] DECLVAR         r1, 1
[  4] LDINT           r2, +5
[  5] LDREG           r0 = r2, r0
[  6] DECLVAR         r0, 0
[  7] CLOSURE         r2, 1
[  8] DECLVAR         r2, 1
[  9] LDINT           r3, 0
[ 10] JUMP            +4
[ 11] GETVAR          r4, 0
[ 12] LDREG           r5 = r4, r0
[ 13] TONUMERIC       r5 = r5, r0
[ 14] DEC_VAR         r4, 0
[ 15] GETVAR          r4, 0
[ 16] JMP_GT          -6, r4, r3
[ 17] LDREG           r3 = r2, r0
[ 18] CALL_UNDEF_THIS r3 = r3, r0
[ 19] RET             r3 = r0, r0

--- Inner function 0.0 ---
[  0] GETVAR          r0, 0
[  1] RET             r0 = r0, r0

--- Inner function 0.1 ---
[  0] GETVAR          r0, 0
[  1] RET             r0 = r0, r0
--- End bytecode ---
