--- Bytecode ---
[  0] CHKGLOBALFUNC r0, 0
[  1] CLOSURE       r0, 0
[  2] DECLVAR       r0, 0
[  3] GETGLOBAL     r0, 0
[  4] LDUNDEF       r1 = r0, r0
[  5] LDINT         r2, +10
[  6] CALL          r0 = r0, r1
[  7] RETUNDEF      

--- Inner function 0 ---
[  0] LDINT         r1, +1
[  1] JMP_NLE       +1, r0, r1
[  2] RET           r0 = r0, r0
[  3] GETVAR        r1, 1
[  4] LDUNDEF       r2 = r0, r0
[  5] SUBI          r4 = r0, r1
[  6] LDREG         r3 = r4, r0
[  7] CALL          r1 = r1, r1
[  8] GETVAR        r2, 1
[  9] LDUNDEF       r3 = r0, r0
[ 10] SUBI          r5 = r0, r2
[ 11] LDREG         r4 = r5, r0
[ 12] CALL          r2 = r2, r1
[ 13] ADD           r1 = r1, r2
[ 14] RET           r1 = r0, r0
--- End bytecode ---
