--- Bytecode ---
[  0] CHKGLOBALFUNC   r0, 0
[  1] CLOSURE         r0, 0
[  2] DECLVAR         r0, 0
[  3] LDINT           r4, 0
[  4] CALL_GLOBAL     r2, argc=1, K[0]
[  5] LDINT           r5, +1
[  6] CALL_GLOBAL     r3, argc=1, K[0]
[  7] CALL_GLOBAL     r0, argc=2, K[1]
[  8] RETUNDEF        

--- Inner function 0 ---
[  0] LDINT           r1, 0
[  1] LDREG           r2 = r0, r0
[  2] JMP_SNEQ        r2 = r2, r1
[  3] LDCONST         r2, 1
[  4] RET             r2 = r0, r0
[  5] LDCONST         r1, 2
[  6] RET             r1 = r0, r0
--- End bytecode ---
