--- Bytecode ---
[  0] CHKGLOBALFUNC   r0, 0
[  1] CLOSURE         r0, 0
[  2] DECLVAR         r0, 0
[  3] GETVAR          r0, 1
[  4] GETVAR          r2, 0
[  5] LDINT           r4, 0
[  6] CALL_UNDEF_THIS r2 = r2, r1
[  7] GETVAR          r3, 0
[  8] LDINT           r5, +1
[  9] CALL_UNDEF_THIS r3 = r3, r1
[ 10] CALL_UNDEF_THIS r0 = r0, r2
[ 11] RETUNDEF        

--- Inner function 0 ---
[  0] LDINT           r1, 0
[  1] LDREG           r2 = r0, r0
[  2] JMP_SNEQ        r2 = r2, r1
[  3] LDCONST         r2, 1
[  4] RET             r2 = r0, r0
[  5] LDCONST         r1, 2
[  6] RET             r1 = r0, r0
--- End bytecode ---
