--- Bytecode ---
[  0] CHKGLOBALFUNC r0, 0
[  1] CLOSURE       r0, 0
[  2] DECLVAR       r0, 0
[  3] GETGLOBAL     r0, 1
[  4] LDUNDEF       r1 = r0, r0
[  5] GETGLOBAL     r2, 0
[  6] LDUNDEF       r3 = r0, r0
[  7] LDINT         r4, +5
[  8] CALL          r2 = r2, r1
[  9] CALL          r0 = r0, r1
[ 10] RETUNDEF      

--- Inner function 0 ---
[  0] LDUNDEF       r1 = r0, r0
[  1] LDINT         r2, 0
[  2] LDREG         r1 = r2, r0
[  3] JUMP          +2
[  4] ADDI          r3 = r1, r1
[  5] LDREG         r1 = r3, r0
[  6] LDREG         r2 = r1, r0
[  7] JMP_SNEQ      r252 = r2, r0
[  8] RET           r1 = r0, r0
--- End bytecode ---
