--- Bytecode ---
[  0] CHKGLOBALFUNC r0, 0
[  1] CLOSURE       r0, 0
[  2] DECLVAR       r0, 0
[  3] GETVAR        r0, 1
[  4] LDUNDEF       r1 = r0, r0
[  5] GETVAR        r2, 0
[  6] LDUNDEF       r3 = r0, r0
[  7] LDINT         r4, +1
[  8] CALL          r2 = r2, r1
[  9] GETVAR        r3, 0
[ 10] LDUNDEF       r4 = r0, r0
[ 11] LDINT         r5, +2
[ 12] CALL          r3 = r3, r1
[ 13] GETVAR        r4, 0
[ 14] LDUNDEF       r5 = r0, r0
[ 15] LDINT         r6, +3
[ 16] CALL          r4 = r4, r1
[ 17] CALL          r0 = r0, r3
[ 18] RETUNDEF      

--- Inner function 0 ---
[  0] LDINT         r1, +1
[  1] JMP_SEQ       r1 = r0, r1
[  2] JUMP          +3
[  3] LDCONST       r2, 1
[  4] RET           r2 = r0, r0
[  5] JUMP          +3
[  6] LDINT         r2, +2
[  7] JMP_SEQ       r1 = r0, r2
[  8] JUMP          +3
[  9] LDCONST       r3, 2
[ 10] RET           r3 = r0, r0
[ 11] JUMP          +1
[ 12] JUMP          0
[ 13] LDCONST       r3, 3
[ 14] RET           r3 = r0, r0
[ 15] JUMP          0
[ 16] RETUNDEF      
--- End bytecode ---
